<?xml version="1.0" encoding="UTF-8"?>
<testsuites name="jest tests" tests="9" failures="0" errors="0" time="2.373">
  <testsuite name="CodeGen Module Tests" errors="0" failures="0" skipped="0" timestamp="2026-03-06T12:19:45" time="2.047" tests="9">
    <testcase classname="CodeGen Module Tests" name="API 프로젝트 구조 생성" time="0.004">
    </testcase>
    <testcase classname="CodeGen Module Tests" name="Web 프로젝트 구조 생성" time="0.007">
    </testcase>
    <testcase classname="CodeGen Module Tests" name="CLI 프로젝트 구조 생성" time="0.001">
    </testcase>
    <testcase classname="CodeGen Module Tests" name="기본 폴더 포함 검증" time="0.002">
    </testcase>
    <testcase classname="CodeGen Module Tests" name="프로젝트 이름 반영" time="0.002">
    </testcase>
    <testcase classname="CodeGen Module Tests" name="파일 맵 초기화" time="0">
    </testcase>
    <testcase classname="CodeGen Module Tests" name="ProjectStructure 결과 구조 검증" time="0.002">
    </testcase>
    <testcase classname="CodeGen Module Tests" name="폴더 목록에 중복 없음" time="0.001">
    </testcase>
    <testcase classname="CodeGen Module Tests" name="모든 프로젝트 타입 지원" time="0.002">
    </testcase>
  </testsuite>
</testsuites>